// Jest Snapshot v1, https://goo.gl/fbAQLP

exports[`Reservation Component should render correctly 1`] = `
ShallowWrapper {
  "length": 1,
  Symbol(enzyme.__root__): [Circular],
  Symbol(enzyme.__unrendered__): <Reservation
    id={305}
  />,
  Symbol(enzyme.__renderer__): Object {
    "batchedUpdates": [Function],
    "getNode": [Function],
    "render": [Function],
    "simulateEvent": [Function],
    "unmount": [Function],
  },
  Symbol(enzyme.__node__): Object {
    "instance": null,
    "key": undefined,
    "nodeType": "host",
    "props": Object {
      "children": Array [
        <SetName
          clickHandler={[Function]}
          name=""
        />,
        <SearchParams
          changeParty={[Function]}
          clickHandler={[Function]}
        />,
        <TimeSlotSelector
          availabilityInfo={
            Array [
              Object {
                "remaining": 10,
                "time": 17,
              },
              Object {
                "remaining": 5,
                "time": 18,
              },
              Object {
                "remaining": 0,
                "time": 19,
              },
              Object {
                "remaining": 2,
                "time": 20,
              },
              Object {
                "remaining": 20,
                "time": 21,
              },
            ]
          }
          bookingsMadeToday={42}
          clickHandler={[Function]}
          party={2}
        />,
        <div
          className={undefined}
        >
          
        </div>,
      ],
      "className": undefined,
    },
    "ref": null,
    "rendered": Array [
      Object {
        "instance": null,
        "key": undefined,
        "nodeType": "class",
        "props": Object {
          "clickHandler": [Function],
          "name": "",
        },
        "ref": null,
        "rendered": null,
        "type": [Function],
      },
      Object {
        "instance": null,
        "key": undefined,
        "nodeType": "class",
        "props": Object {
          "changeParty": [Function],
          "clickHandler": [Function],
        },
        "ref": null,
        "rendered": null,
        "type": [Function],
      },
      Object {
        "instance": null,
        "key": undefined,
        "nodeType": "function",
        "props": Object {
          "availabilityInfo": Array [
            Object {
              "remaining": 10,
              "time": 17,
            },
            Object {
              "remaining": 5,
              "time": 18,
            },
            Object {
              "remaining": 0,
              "time": 19,
            },
            Object {
              "remaining": 2,
              "time": 20,
            },
            Object {
              "remaining": 20,
              "time": 21,
            },
          ],
          "bookingsMadeToday": 42,
          "clickHandler": [Function],
          "party": 2,
        },
        "ref": null,
        "rendered": null,
        "type": [Function],
      },
      Object {
        "instance": null,
        "key": undefined,
        "nodeType": "host",
        "props": Object {
          "children": "",
          "className": undefined,
        },
        "ref": null,
        "rendered": "",
        "type": "div",
      },
    ],
    "type": "div",
  },
  Symbol(enzyme.__nodes__): Array [
    Object {
      "instance": null,
      "key": undefined,
      "nodeType": "host",
      "props": Object {
        "children": Array [
          <SetName
            clickHandler={[Function]}
            name=""
          />,
          <SearchParams
            changeParty={[Function]}
            clickHandler={[Function]}
          />,
          <TimeSlotSelector
            availabilityInfo={
              Array [
                Object {
                  "remaining": 10,
                  "time": 17,
                },
                Object {
                  "remaining": 5,
                  "time": 18,
                },
                Object {
                  "remaining": 0,
                  "time": 19,
                },
                Object {
                  "remaining": 2,
                  "time": 20,
                },
                Object {
                  "remaining": 20,
                  "time": 21,
                },
              ]
            }
            bookingsMadeToday={42}
            clickHandler={[Function]}
            party={2}
          />,
          <div
            className={undefined}
          >
            
          </div>,
        ],
        "className": undefined,
      },
      "ref": null,
      "rendered": Array [
        Object {
          "instance": null,
          "key": undefined,
          "nodeType": "class",
          "props": Object {
            "clickHandler": [Function],
            "name": "",
          },
          "ref": null,
          "rendered": null,
          "type": [Function],
        },
        Object {
          "instance": null,
          "key": undefined,
          "nodeType": "class",
          "props": Object {
            "changeParty": [Function],
            "clickHandler": [Function],
          },
          "ref": null,
          "rendered": null,
          "type": [Function],
        },
        Object {
          "instance": null,
          "key": undefined,
          "nodeType": "function",
          "props": Object {
            "availabilityInfo": Array [
              Object {
                "remaining": 10,
                "time": 17,
              },
              Object {
                "remaining": 5,
                "time": 18,
              },
              Object {
                "remaining": 0,
                "time": 19,
              },
              Object {
                "remaining": 2,
                "time": 20,
              },
              Object {
                "remaining": 20,
                "time": 21,
              },
            ],
            "bookingsMadeToday": 42,
            "clickHandler": [Function],
            "party": 2,
          },
          "ref": null,
          "rendered": null,
          "type": [Function],
        },
        Object {
          "instance": null,
          "key": undefined,
          "nodeType": "host",
          "props": Object {
            "children": "",
            "className": undefined,
          },
          "ref": null,
          "rendered": "",
          "type": "div",
        },
      ],
      "type": "div",
    },
  ],
  Symbol(enzyme.__options__): Object {
    "adapter": ReactSixteenAdapter {
      "options": Object {
        "enableComponentDidUpdateOnSetState": true,
      },
    },
  },
}
`;
